Requirement already satisfied: pip in /opt/hostedtoolcache/Python/3.11.15/x64/lib/python3.11/site-packages (26.2.1)
Obtaining file:///home/runner/work/vix-regime-allocation/vix-regime-allocation
  Installing build dependencies: started
  Installing build dependencies: finished with status 'done'
  Checking if build backend supports build_editable: started
  Checking if build backend supports build_editable: finished with status 'done'
  Getting requirements to build editable: started
  Getting requirements to build editable: finished with status 'done'
  Preparing editable metadata (pyproject.toml): started
  Preparing editable metadata (pyproject.toml): finished with status 'done'
Collecting matplotlib>=3.8 (from vix-regime-allocation==0.1.0)
  Downloading matplotlib-3.11.1-cp311-cp311-manylinux2014_x86_64.manylinux_2_17_x86_64.whl.metadata (80 kB)
Collecting numpy>=1.26 (from vix-regime-allocation==0.1.0)
  Downloading numpy-2.4.6-cp311-cp311-manylinux_2_27_x86_64.manylinux_2_28_x86_64.whl.metadata (6.6 kB)
Collecting pandas>=2.2 (from vix-regime-allocation==0.1.0)
  Downloading pandas-3.0.5-cp311-cp311-manylinux_2_24_x86_64.manylinux_2_28_x86_64.whl.metadata (79 kB)
Collecting yfinance>=0.2.40 (from vix-regime-allocation==0.1.0)
  Downloading yfinance-1.6.0-py3-none-any.whl.metadata (6.7 kB)
Collecting coverage>=7.6 (from coverage[toml]>=7.6; extra == "dev"->vix-regime-allocation==0.1.0)
  Downloading coverage-7.15.4-cp311-cp311-manylinux1_x86_64.manylinux_2_28_x86_64.manylinux_2_5_x86_64.whl.metadata (8.6 kB)
Collecting mypy>=1.11 (from vix-regime-allocation==0.1.0)
  Downloading mypy-2.3.1-cp311-cp311-manylinux2014_x86_64.manylinux_2_17_x86_64.manylinux_2_28_x86_64.whl.metadata (2.4 kB)
Collecting pandas-stubs>=2.2 (from vix-regime-allocation==0.1.0)
  Downloading pandas_stubs-3.0.5.260730-py3-none-any.whl.metadata (11 kB)
Collecting pytest>=8.3 (from vix-regime-allocation==0.1.0)
  Downloading pytest-9.1.1-py3-none-any.whl.metadata (7.6 kB)
Collecting ruff>=0.6 (from vix-regime-allocation==0.1.0)
  Downloading ruff-0.16.3-py3-none-manylinux_2_17_x86_64.manylinux2014_x86_64.whl.metadata (26 kB)
Collecting contourpy>=1.0.1 (from matplotlib>=3.8->vix-regime-allocation==0.1.0)
  Downloading contourpy-1.3.3-cp311-cp311-manylinux_2_27_x86_64.manylinux_2_28_x86_64.whl.metadata (5.5 kB)
Collecting cycler>=0.10 (from matplotlib>=3.8->vix-regime-allocation==0.1.0)
  Downloading cycler-0.12.1-py3-none-any.whl.metadata (3.8 kB)
Collecting fonttools>=4.28.2 (from matplotlib>=3.8->vix-regime-allocation==0.1.0)
  Downloading fonttools-4.63.0-cp311-cp311-manylinux2014_x86_64.manylinux_2_17_x86_64.whl.metadata (118 kB)
Collecting kiwisolver>=1.3.1 (from matplotlib>=3.8->vix-regime-allocation==0.1.0)
  Downloading kiwisolver-1.5.0-cp311-cp311-manylinux2014_x86_64.manylinux_2_17_x86_64.whl.metadata (5.1 kB)
Collecting packaging>=20.0 (from matplotlib>=3.8->vix-regime-allocation==0.1.0)
  Using cached packaging-26.3-py3-none-any.whl.metadata (3.5 kB)
Collecting pillow>=9 (from matplotlib>=3.8->vix-regime-allocation==0.1.0)
  Downloading pillow-12.3.0-cp311-cp311-manylinux_2_27_x86_64.manylinux_2_28_x86_64.whl.metadata (9.1 kB)
Collecting pyparsing>=3 (from matplotlib>=3.8->vix-regime-allocation==0.1.0)
  Downloading pyparsing-3.3.2-py3-none-any.whl.metadata (5.8 kB)
Collecting python-dateutil>=2.7 (from matplotlib>=3.8->vix-regime-allocation==0.1.0)
  Downloading python_dateutil-2.9.0.post0-py2.py3-none-any.whl.metadata (8.4 kB)
Collecting typing_extensions>=4.6.0 (from mypy>=1.11->vix-regime-allocation==0.1.0)
  Downloading typing_extensions-4.16.0-py3-none-any.whl.metadata (3.3 kB)
Collecting mypy_extensions>=1.0.0 (from mypy>=1.11->vix-regime-allocation==0.1.0)
  Downloading mypy_extensions-1.1.0-py3-none-any.whl.metadata (1.1 kB)
Collecting pathspec>=1.0.0 (from mypy>=1.11->vix-regime-allocation==0.1.0)
  Downloading pathspec-1.1.1-py3-none-any.whl.metadata (14 kB)
Collecting librt>=0.13.0 (from mypy>=1.11->vix-regime-allocation==0.1.0)
  Downloading librt-0.15.0-cp311-cp311-manylinux2014_x86_64.manylinux_2_17_x86_64.manylinux_2_28_x86_64.whl.metadata (1.3 kB)
Collecting ast-serialize<1.0.0,>=0.6.0 (from mypy>=1.11->vix-regime-allocation==0.1.0)
  Downloading ast_serialize-0.8.0-cp39-abi3-manylinux_2_17_x86_64.manylinux2014_x86_64.whl.metadata (1.4 kB)
Collecting iniconfig>=1.0.1 (from pytest>=8.3->vix-regime-allocation==0.1.0)
  Downloading iniconfig-2.3.0-py3-none-any.whl.metadata (2.5 kB)
Collecting pluggy<2,>=1.5 (from pytest>=8.3->vix-regime-allocation==0.1.0)
  Downloading pluggy-1.6.0-py3-none-any.whl.metadata (4.8 kB)
Collecting pygments>=2.7.2 (from pytest>=8.3->vix-regime-allocation==0.1.0)
  Downloading pygments-2.21.0-py3-none-any.whl.metadata (2.5 kB)
Collecting six>=1.5 (from python-dateutil>=2.7->matplotlib>=3.8->vix-regime-allocation==0.1.0)
  Downloading six-1.17.0-py2.py3-none-any.whl.metadata (1.7 kB)
Collecting beautifulsoup4>=4.11.1 (from yfinance>=0.2.40->vix-regime-allocation==0.1.0)
  Downloading beautifulsoup4-4.15.0-py3-none-any.whl.metadata (3.8 kB)
Collecting curl_cffi>=0.15 (from yfinance>=0.2.40->vix-regime-allocation==0.1.0)
  Downloading curl_cffi-0.16.0-cp310-abi3-manylinux2014_x86_64.manylinux_2_17_x86_64.whl.metadata (17 kB)
Collecting lxml>=4.9.0 (from yfinance>=0.2.40->vix-regime-allocation==0.1.0)
  Downloading lxml-6.1.2-cp311-cp311-manylinux_2_26_x86_64.manylinux_2_28_x86_64.whl.metadata (3.3 kB)
Collecting multitasking>=0.0.7 (from yfinance>=0.2.40->vix-regime-allocation==0.1.0)
  Downloading multitasking-0.0.13-py3-none-any.whl.metadata (16 kB)
Collecting peewee>=3.16.2 (from yfinance>=0.2.40->vix-regime-allocation==0.1.0)
  Downloading peewee-4.3.0-py3-none-any.whl.metadata (10 kB)
Collecting platformdirs>=2.0.0 (from yfinance>=0.2.40->vix-regime-allocation==0.1.0)
  Downloading platformdirs-4.11.3-py3-none-any.whl.metadata (5.5 kB)
Collecting protobuf>=3.19.0 (from yfinance>=0.2.40->vix-regime-allocation==0.1.0)
  Downloading protobuf-7.35.1-cp310-abi3-manylinux2014_x86_64.whl.metadata (595 bytes)
Collecting pytz>=2022.5 (from yfinance>=0.2.40->vix-regime-allocation==0.1.0)
  Downloading pytz-2026.3.post1-py2.py3-none-any.whl.metadata (22 kB)
Collecting requests>=2.31 (from yfinance>=0.2.40->vix-regime-allocation==0.1.0)
  Downloading requests-2.34.2-py3-none-any.whl.metadata (4.8 kB)
Collecting websockets>=13.0 (from yfinance>=0.2.40->vix-regime-allocation==0.1.0)
  Downloading websockets-17.0.1-cp311-cp311-manylinux1_x86_64.manylinux_2_28_x86_64.manylinux_2_5_x86_64.whl.metadata (6.3 kB)
Collecting soupsieve>=1.6.1 (from beautifulsoup4>=4.11.1->yfinance>=0.2.40->vix-regime-allocation==0.1.0)
  Downloading soupsieve-2.9.2-py3-none-any.whl.metadata (4.6 kB)
Collecting cffi>=2.0.0 (from curl_cffi>=0.15->yfinance>=0.2.40->vix-regime-allocation==0.1.0)
  Downloading cffi-2.1.1-cp311-cp311-manylinux2014_x86_64.manylinux_2_17_x86_64.whl.metadata (2.5 kB)
Collecting certifi>=2024.2.2 (from curl_cffi>=0.15->yfinance>=0.2.40->vix-regime-allocation==0.1.0)
  Downloading certifi-2026.7.22-py3-none-any.whl.metadata (2.5 kB)
Collecting pycparser (from cffi>=2.0.0->curl_cffi>=0.15->yfinance>=0.2.40->vix-regime-allocation==0.1.0)
  Downloading pycparser-3.0-py3-none-any.whl.metadata (8.2 kB)
Collecting charset_normalizer<4,>=2 (from requests>=2.31->yfinance>=0.2.40->vix-regime-allocation==0.1.0)
  Downloading charset_normalizer-3.5.1-cp311-cp311-manylinux2014_x86_64.manylinux_2_17_x86_64.manylinux_2_28_x86_64.whl.metadata (45 kB)
Collecting idna<4,>=2.5 (from requests>=2.31->yfinance>=0.2.40->vix-regime-allocation==0.1.0)
  Downloading idna-3.19-py3-none-any.whl.metadata (9.2 kB)
Collecting urllib3<3,>=1.26 (from requests>=2.31->yfinance>=0.2.40->vix-regime-allocation==0.1.0)
  Downloading urllib3-2.7.0-py3-none-any.whl.metadata (6.9 kB)
Downloading coverage-7.15.4-cp311-cp311-manylinux1_x86_64.manylinux_2_28_x86_64.manylinux_2_5_x86_64.whl (255 kB)
Downloading matplotlib-3.11.1-cp311-cp311-manylinux2014_x86_64.manylinux_2_17_x86_64.whl (10.0 MB)
   ━━━━━━━━━━━━━━━━━━━━━━━━━━━━━━━━━━━━━━━━ 10.0/10.0 MB 23.3 MB/s  0:00:00
Downloading contourpy-1.3.3-cp311-cp311-manylinux_2_27_x86_64.manylinux_2_28_x86_64.whl (355 kB)
Downloading cycler-0.12.1-py3-none-any.whl (8.3 kB)
Downloading fonttools-4.63.0-cp311-cp311-manylinux2014_x86_64.manylinux_2_17_x86_64.whl (5.1 MB)
   ━━━━━━━━━━━━━━━━━━━━━━━━━━━━━━━━━━━━━━━━ 5.1/5.1 MB 55.5 MB/s  0:00:00
Downloading kiwisolver-1.5.0-cp311-cp311-manylinux2014_x86_64.manylinux_2_17_x86_64.whl (1.4 MB)
   ━━━━━━━━━━━━━━━━━━━━━━━━━━━━━━━━━━━━━━━━ 1.4/1.4 MB 60.1 MB/s  0:00:00
Downloading mypy-2.3.1-cp311-cp311-manylinux2014_x86_64.manylinux_2_17_x86_64.manylinux_2_28_x86_64.whl (15.1 MB)
   ━━━━━━━━━━━━━━━━━━━━━━━━━━━━━━━━━━━━━━━━ 15.1/15.1 MB 92.9 MB/s  0:00:00
Downloading ast_serialize-0.8.0-cp39-abi3-manylinux_2_17_x86_64.manylinux2014_x86_64.whl (1.3 MB)
   ━━━━━━━━━━━━━━━━━━━━━━━━━━━━━━━━━━━━━━━━ 1.3/1.3 MB 117.3 MB/s  0:00:00
Downloading librt-0.15.0-cp311-cp311-manylinux2014_x86_64.manylinux_2_17_x86_64.manylinux_2_28_x86_64.whl (516 kB)
Downloading mypy_extensions-1.1.0-py3-none-any.whl (5.0 kB)
Downloading numpy-2.4.6-cp311-cp311-manylinux_2_27_x86_64.manylinux_2_28_x86_64.whl (16.9 MB)
   ━━━━━━━━━━━━━━━━━━━━━━━━━━━━━━━━━━━━━━━━ 16.9/16.9 MB 143.9 MB/s  0:00:00
Using cached packaging-26.3-py3-none-any.whl (129 kB)
Downloading pandas-3.0.5-cp311-cp311-manylinux_2_24_x86_64.manylinux_2_28_x86_64.whl (11.3 MB)
   ━━━━━━━━━━━━━━━━━━━━━━━━━━━━━━━━━━━━━━━━ 11.3/11.3 MB 182.3 MB/s  0:00:00
Downloading pandas_stubs-3.0.5.260730-py3-none-any.whl (174 kB)
Downloading pathspec-1.1.1-py3-none-any.whl (57 kB)
Downloading pillow-12.3.0-cp311-cp311-manylinux_2_27_x86_64.manylinux_2_28_x86_64.whl (6.9 MB)
   ━━━━━━━━━━━━━━━━━━━━━━━━━━━━━━━━━━━━━━━━ 6.9/6.9 MB 208.7 MB/s  0:00:00
Downloading pyparsing-3.3.2-py3-none-any.whl (122 kB)
Downloading pytest-9.1.1-py3-none-any.whl (386 kB)
Downloading pluggy-1.6.0-py3-none-any.whl (20 kB)
Downloading iniconfig-2.3.0-py3-none-any.whl (7.5 kB)
Downloading pygments-2.21.0-py3-none-any.whl (1.3 MB)
   ━━━━━━━━━━━━━━━━━━━━━━━━━━━━━━━━━━━━━━━━ 1.3/1.3 MB 203.9 MB/s  0:00:00
Downloading python_dateutil-2.9.0.post0-py2.py3-none-any.whl (229 kB)
Downloading ruff-0.16.3-py3-none-manylinux_2_17_x86_64.manylinux2014_x86_64.whl (11.1 MB)
   ━━━━━━━━━━━━━━━━━━━━━━━━━━━━━━━━━━━━━━━━ 11.1/11.1 MB 226.7 MB/s  0:00:00
Downloading six-1.17.0-py2.py3-none-any.whl (11 kB)
Downloading typing_extensions-4.16.0-py3-none-any.whl (45 kB)
Downloading yfinance-1.6.0-py3-none-any.whl (148 kB)
Downloading beautifulsoup4-4.15.0-py3-none-any.whl (109 kB)
Downloading curl_cffi-0.16.0-cp310-abi3-manylinux2014_x86_64.manylinux_2_17_x86_64.whl (13.5 MB)
   ━━━━━━━━━━━━━━━━━━━━━━━━━━━━━━━━━━━━━━━━ 13.5/13.5 MB 257.4 MB/s  0:00:00
Downloading certifi-2026.7.22-py3-none-any.whl (136 kB)
Downloading cffi-2.1.1-cp311-cp311-manylinux2014_x86_64.manylinux_2_17_x86_64.whl (217 kB)
Downloading lxml-6.1.2-cp311-cp311-manylinux_2_26_x86_64.manylinux_2_28_x86_64.whl (5.2 MB)
   ━━━━━━━━━━━━━━━━━━━━━━━━━━━━━━━━━━━━━━━━ 5.2/5.2 MB 263.4 MB/s  0:00:00
Downloading multitasking-0.0.13-py3-none-any.whl (16 kB)
Downloading peewee-4.3.0-py3-none-any.whl (179 kB)
Downloading platformdirs-4.11.3-py3-none-any.whl (23 kB)
Downloading protobuf-7.35.1-cp310-abi3-manylinux2014_x86_64.whl (327 kB)
Downloading pytz-2026.3.post1-py2.py3-none-any.whl (508 kB)
Downloading requests-2.34.2-py3-none-any.whl (73 kB)
Downloading charset_normalizer-3.5.1-cp311-cp311-manylinux2014_x86_64.manylinux_2_17_x86_64.manylinux_2_28_x86_64.whl (262 kB)
Downloading idna-3.19-py3-none-any.whl (68 kB)
Downloading urllib3-2.7.0-py3-none-any.whl (131 kB)
Downloading soupsieve-2.9.2-py3-none-any.whl (37 kB)
Downloading websockets-17.0.1-cp311-cp311-manylinux1_x86_64.manylinux_2_28_x86_64.manylinux_2_5_x86_64.whl (219 kB)
Downloading pycparser-3.0-py3-none-any.whl (48 kB)
Building wheels for collected packages: vix-regime-allocation
  Building editable for vix-regime-allocation (pyproject.toml): started
  Building editable for vix-regime-allocation (pyproject.toml): finished with status 'done'
  Created wheel for vix-regime-allocation: filename=vix_regime_allocation-0.1.0-0.editable-py3-none-any.whl size=6532 sha256=c21c8353758bd6e00c52bbf91cca1f21cc08dfe7af340861398970c00a745225
  Stored in directory: /tmp/pip-ephem-wheel-cache-dnf301wt/wheels/fb/58/80/f6d8e4b3dd94fe495fbf2c7eecd57115a433761a14c3310924
Successfully built vix-regime-allocation
Installing collected packages: pytz, multitasking, websockets, urllib3, typing_extensions, soupsieve, six, ruff, pyparsing, pygments, pycparser, protobuf, pluggy, platformdirs, pillow, peewee, pathspec, packaging, numpy, mypy_extensions, lxml, librt, kiwisolver, iniconfig, idna, fonttools, cycler, coverage, charset_normalizer, certifi, ast-serialize, requests, python-dateutil, pytest, pandas-stubs, mypy, contourpy, cffi, beautifulsoup4, pandas, matplotlib, curl_cffi, yfinance, vix-regime-allocation

Successfully installed ast-serialize-0.8.0 beautifulsoup4-4.15.0 certifi-2026.7.22 cffi-2.1.1 charset_normalizer-3.5.1 contourpy-1.3.3 coverage-7.15.4 curl_cffi-0.16.0 cycler-0.12.1 fonttools-4.63.0 idna-3.19 iniconfig-2.3.0 kiwisolver-1.5.0 librt-0.15.0 lxml-6.1.2 matplotlib-3.11.1 multitasking-0.0.13 mypy-2.3.1 mypy_extensions-1.1.0 numpy-2.4.6 packaging-26.3 pandas-3.0.5 pandas-stubs-3.0.5.260730 pathspec-1.1.1 peewee-4.3.0 pillow-12.3.0 platformdirs-4.11.3 pluggy-1.6.0 protobuf-7.35.1 pycparser-3.0 pygments-2.21.0 pyparsing-3.3.2 pytest-9.1.1 python-dateutil-2.9.0.post0 pytz-2026.3.post1 requests-2.34.2 ruff-0.16.3 six-1.17.0 soupsieve-2.9.2 typing_extensions-4.16.0 urllib3-2.7.0 vix-regime-allocation-0.1.0 websockets-17.0.1 yfinance-1.6.0
Collecting nbformat
  Downloading nbformat-5.11.1-py3-none-any.whl.metadata (3.7 kB)
Collecting nbclient
  Downloading nbclient-0.11.0-py3-none-any.whl.metadata (7.3 kB)
Collecting nbconvert
  Downloading nbconvert-7.17.1-py3-none-any.whl.metadata (8.4 kB)
Collecting ipykernel
  Downloading ipykernel-7.3.0-py3-none-any.whl.metadata (4.5 kB)
Collecting fastjsonschema>=2.15 (from nbformat)
  Downloading fastjsonschema-2.22.2-py3-none-any.whl.metadata (2.1 kB)
Collecting jsonschema>=2.6 (from nbformat)
  Downloading jsonschema-4.26.0-py3-none-any.whl.metadata (7.6 kB)
Collecting jupyter-core!=5.0.*,>=4.12 (from nbformat)
  Downloading jupyter_core-5.9.1-py3-none-any.whl.metadata (1.5 kB)
Collecting traitlets>=5.1 (from nbformat)
  Downloading traitlets-5.16.1-py3-none-any.whl.metadata (10 kB)
Collecting jupyter-client>=7.0.0 (from nbclient)
  Downloading jupyter_client-8.9.1-py3-none-any.whl.metadata (8.5 kB)
Requirement already satisfied: beautifulsoup4 in /opt/hostedtoolcache/Python/3.11.15/x64/lib/python3.11/site-packages (from nbconvert) (4.15.0)
Collecting bleach!=5.0.0 (from bleach[css]!=5.0.0->nbconvert)
  Downloading bleach-6.4.0-py3-none-any.whl.metadata (32 kB)
Collecting defusedxml (from nbconvert)
  Downloading defusedxml-0.7.1-py2.py3-none-any.whl.metadata (32 kB)
Collecting jinja2>=3.0 (from nbconvert)
  Downloading jinja2-3.1.6-py3-none-any.whl.metadata (2.9 kB)
Collecting jupyterlab-pygments (from nbconvert)
  Downloading jupyterlab_pygments-0.3.0-py3-none-any.whl.metadata (4.4 kB)
Collecting markupsafe>=2.0 (from nbconvert)
  Downloading markupsafe-3.0.3-cp311-cp311-manylinux2014_x86_64.manylinux_2_17_x86_64.manylinux_2_28_x86_64.whl.metadata (2.7 kB)
Collecting mistune<4,>=2.0.3 (from nbconvert)
  Downloading mistune-3.3.4-py3-none-any.whl.metadata (1.9 kB)
Requirement already satisfied: packaging in /opt/hostedtoolcache/Python/3.11.15/x64/lib/python3.11/site-packages (from nbconvert) (26.3)
Collecting pandocfilters>=1.4.1 (from nbconvert)
  Downloading pandocfilters-1.5.1-py2.py3-none-any.whl.metadata (9.0 kB)
Requirement already satisfied: pygments>=2.4.1 in /opt/hostedtoolcache/Python/3.11.15/x64/lib/python3.11/site-packages (from nbconvert) (2.21.0)
Collecting comm>=0.1.1 (from ipykernel)
  Downloading comm-0.2.3-py3-none-any.whl.metadata (3.7 kB)
Collecting debugpy>=1.6.5 (from ipykernel)
  Downloading debugpy-1.8.21-cp311-cp311-manylinux_2_34_x86_64.whl.metadata (1.4 kB)
Collecting ipython>=7.23.1 (from ipykernel)
  Downloading ipython-9.16.1-py3-none-any.whl.metadata (4.6 kB)
Collecting matplotlib-inline>=0.1 (from ipykernel)
  Downloading matplotlib_inline-0.2.2-py3-none-any.whl.metadata (2.4 kB)
Collecting nest-asyncio2>=1.7.0 (from ipykernel)
  Downloading nest_asyncio2-1.7.2-py3-none-any.whl.metadata (6.3 kB)
Collecting psutil>=5.7 (from ipykernel)
  Downloading psutil-7.2.2-cp36-abi3-manylinux2010_x86_64.manylinux_2_12_x86_64.manylinux_2_28_x86_64.whl.metadata (22 kB)
Collecting pyzmq>=25 (from ipykernel)
  Downloading pyzmq-27.1.0-cp311-cp311-manylinux_2_26_x86_64.manylinux_2_28_x86_64.whl.metadata (6.0 kB)
Collecting tornado>=6.4.1 (from ipykernel)
  Downloading tornado-6.5.8-cp39-abi3-manylinux1_x86_64.manylinux_2_28_x86_64.manylinux_2_5_x86_64.whl.metadata (2.8 kB)
Collecting webencodings (from bleach!=5.0.0->bleach[css]!=5.0.0->nbconvert)
  Downloading webencodings-0.6.1-py3-none-any.whl.metadata (3.4 kB)
Collecting tinycss2>=1.1.0 (from bleach[css]!=5.0.0->nbconvert)
  Downloading tinycss2-1.5.1-py3-none-any.whl.metadata (3.0 kB)
Collecting ipython-pygments-lexers>=1.0.0 (from ipython>=7.23.1->ipykernel)
  Downloading ipython_pygments_lexers-1.1.1-py3-none-any.whl.metadata (1.1 kB)
Collecting jedi>=0.18.2 (from ipython>=7.23.1->ipykernel)
  Downloading jedi-0.20.0-py2.py3-none-any.whl.metadata (23 kB)
Collecting pexpect>4.6 (from ipython>=7.23.1->ipykernel)
  Downloading pexpect-4.9.0-py2.py3-none-any.whl.metadata (2.5 kB)
Collecting prompt_toolkit<3.1.0,>=3.0.41 (from ipython>=7.23.1->ipykernel)
  Downloading prompt_toolkit-3.0.53-py3-none-any.whl.metadata (6.4 kB)
Collecting stack_data>=0.6.0 (from ipython>=7.23.1->ipykernel)
  Downloading stack_data-0.6.3-py3-none-any.whl.metadata (18 kB)
Requirement already satisfied: typing_extensions>=4.6 in /opt/hostedtoolcache/Python/3.11.15/x64/lib/python3.11/site-packages (from ipython>=7.23.1->ipykernel) (4.16.0)
Collecting wcwidth>=0.1.4 (from prompt_toolkit<3.1.0,>=3.0.41->ipython>=7.23.1->ipykernel)
  Downloading wcwidth-0.8.2-py3-none-any.whl.metadata (43 kB)
Collecting parso<0.9.0,>=0.8.6 (from jedi>=0.18.2->ipython>=7.23.1->ipykernel)
  Downloading parso-0.8.7-py2.py3-none-any.whl.metadata (8.2 kB)
Collecting attrs>=22.2.0 (from jsonschema>=2.6->nbformat)
  Downloading attrs-26.1.0-py3-none-any.whl.metadata (8.8 kB)
Collecting jsonschema-specifications>=2023.03.6 (from jsonschema>=2.6->nbformat)
  Downloading jsonschema_specifications-2025.9.1-py3-none-any.whl.metadata (2.9 kB)
Collecting referencing>=0.28.4 (from jsonschema>=2.6->nbformat)
  Downloading referencing-0.37.0-py3-none-any.whl.metadata (2.8 kB)
Collecting rpds-py>=0.25.0 (from jsonschema>=2.6->nbformat)
  Downloading rpds_py-2026.6.3-cp311-cp311-manylinux_2_17_x86_64.manylinux2014_x86_64.whl.metadata (4.1 kB)
Requirement already satisfied: python-dateutil>=2.8.2 in /opt/hostedtoolcache/Python/3.11.15/x64/lib/python3.11/site-packages (from jupyter-client>=7.0.0->nbclient) (2.9.0.post0)
Requirement already satisfied: platformdirs>=2.5 in /opt/hostedtoolcache/Python/3.11.15/x64/lib/python3.11/site-packages (from jupyter-core!=5.0.*,>=4.12->nbformat) (4.11.3)
Collecting ptyprocess>=0.5 (from pexpect>4.6->ipython>=7.23.1->ipykernel)
  Downloading ptyprocess-0.7.0-py2.py3-none-any.whl.metadata (1.3 kB)
Requirement already satisfied: six>=1.5 in /opt/hostedtoolcache/Python/3.11.15/x64/lib/python3.11/site-packages (from python-dateutil>=2.8.2->jupyter-client>=7.0.0->nbclient) (1.17.0)
Collecting executing>=1.2.0 (from stack_data>=0.6.0->ipython>=7.23.1->ipykernel)
  Downloading executing-2.2.1-py2.py3-none-any.whl.metadata (8.9 kB)
Collecting asttokens>=2.1.0 (from stack_data>=0.6.0->ipython>=7.23.1->ipykernel)
  Downloading asttokens-3.0.2-py3-none-any.whl.metadata (5.7 kB)
Collecting pure-eval (from stack_data>=0.6.0->ipython>=7.23.1->ipykernel)
  Downloading pure_eval-0.2.3-py3-none-any.whl.metadata (6.3 kB)
Requirement already satisfied: soupsieve>=1.6.1 in /opt/hostedtoolcache/Python/3.11.15/x64/lib/python3.11/site-packages (from beautifulsoup4->nbconvert) (2.9.2)
Downloading nbformat-5.11.1-py3-none-any.whl (79 kB)
Downloading nbclient-0.11.0-py3-none-any.whl (25 kB)
Downloading nbconvert-7.17.1-py3-none-any.whl (261 kB)
Downloading mistune-3.3.4-py3-none-any.whl (66 kB)
Downloading ipykernel-7.3.0-py3-none-any.whl (120 kB)
Downloading bleach-6.4.0-py3-none-any.whl (165 kB)
Downloading comm-0.2.3-py3-none-any.whl (7.3 kB)
Downloading debugpy-1.8.21-cp311-cp311-manylinux_2_34_x86_64.whl (3.1 MB)
   ━━━━━━━━━━━━━━━━━━━━━━━━━━━━━━━━━━━━━━━━ 3.1/3.1 MB 61.1 MB/s  0:00:00
Downloading fastjsonschema-2.22.2-py3-none-any.whl (27 kB)
Downloading ipython-9.16.1-py3-none-any.whl (625 kB)
   ━━━━━━━━━━━━━━━━━━━━━━━━━━━━━━━━━━━━━━━━ 626.0/626.0 kB 129.3 MB/s  0:00:00
Downloading prompt_toolkit-3.0.53-py3-none-any.whl (392 kB)
Downloading ipython_pygments_lexers-1.1.1-py3-none-any.whl (8.1 kB)
Downloading jedi-0.20.0-py2.py3-none-any.whl (4.9 MB)
   ━━━━━━━━━━━━━━━━━━━━━━━━━━━━━━━━━━━━━━━━ 4.9/4.9 MB 195.6 MB/s  0:00:00
Downloading parso-0.8.7-py2.py3-none-any.whl (107 kB)
Downloading jinja2-3.1.6-py3-none-any.whl (134 kB)
Downloading jsonschema-4.26.0-py3-none-any.whl (90 kB)
Downloading attrs-26.1.0-py3-none-any.whl (67 kB)
Downloading jsonschema_specifications-2025.9.1-py3-none-any.whl (18 kB)
Downloading jupyter_client-8.9.1-py3-none-any.whl (109 kB)
Downloading jupyter_core-5.9.1-py3-none-any.whl (29 kB)
Downloading markupsafe-3.0.3-cp311-cp311-manylinux2014_x86_64.manylinux_2_17_x86_64.manylinux_2_28_x86_64.whl (22 kB)
Downloading matplotlib_inline-0.2.2-py3-none-any.whl (9.5 kB)
Downloading nest_asyncio2-1.7.2-py3-none-any.whl (7.8 kB)
Downloading pandocfilters-1.5.1-py2.py3-none-any.whl (8.7 kB)
Downloading pexpect-4.9.0-py2.py3-none-any.whl (63 kB)
Downloading psutil-7.2.2-cp36-abi3-manylinux2010_x86_64.manylinux_2_12_x86_64.manylinux_2_28_x86_64.whl (155 kB)
Downloading ptyprocess-0.7.0-py2.py3-none-any.whl (13 kB)
Downloading pyzmq-27.1.0-cp311-cp311-manylinux_2_26_x86_64.manylinux_2_28_x86_64.whl (857 kB)
   ━━━━━━━━━━━━━━━━━━━━━━━━━━━━━━━━━━━━━━━━ 857.0/857.0 kB 158.5 MB/s  0:00:00
Downloading referencing-0.37.0-py3-none-any.whl (26 kB)
Downloading rpds_py-2026.6.3-cp311-cp311-manylinux_2_17_x86_64.manylinux2014_x86_64.whl (371 kB)
Downloading stack_data-0.6.3-py3-none-any.whl (24 kB)
Downloading asttokens-3.0.2-py3-none-any.whl (28 kB)
Downloading executing-2.2.1-py2.py3-none-any.whl (28 kB)
Downloading tinycss2-1.5.1-py3-none-any.whl (28 kB)
Downloading tornado-6.5.8-cp39-abi3-manylinux1_x86_64.manylinux_2_28_x86_64.manylinux_2_5_x86_64.whl (450 kB)
Downloading traitlets-5.16.1-py3-none-any.whl (86 kB)
Downloading wcwidth-0.8.2-py3-none-any.whl (323 kB)
Downloading webencodings-0.6.1-py3-none-any.whl (8.7 kB)
Downloading defusedxml-0.7.1-py2.py3-none-any.whl (25 kB)
Downloading jupyterlab_pygments-0.3.0-py3-none-any.whl (15 kB)
Downloading pure_eval-0.2.3-py3-none-any.whl (11 kB)
Installing collected packages: pure-eval, ptyprocess, webencodings, wcwidth, traitlets, tornado, rpds-py, pyzmq, psutil, pexpect, parso, pandocfilters, nest-asyncio2, mistune, markupsafe, jupyterlab-pygments, ipython-pygments-lexers, fastjsonschema, executing, defusedxml, debugpy, comm, attrs, asttokens, tinycss2, stack_data, referencing, prompt_toolkit, matplotlib-inline, jupyter-core, jinja2, jedi, bleach, jupyter-client, jsonschema-specifications, ipython, jsonschema, ipykernel, nbformat, nbclient, nbconvert

Successfully installed asttokens-3.0.2 attrs-26.1.0 bleach-6.4.0 comm-0.2.3 debugpy-1.8.21 defusedxml-0.7.1 executing-2.2.1 fastjsonschema-2.22.2 ipykernel-7.3.0 ipython-9.16.1 ipython-pygments-lexers-1.1.1 jedi-0.20.0 jinja2-3.1.6 jsonschema-4.26.0 jsonschema-specifications-2025.9.1 jupyter-client-8.9.1 jupyter-core-5.9.1 jupyterlab-pygments-0.3.0 markupsafe-3.0.3 matplotlib-inline-0.2.2 mistune-3.3.4 nbclient-0.11.0 nbconvert-7.17.1 nbformat-5.11.1 nest-asyncio2-1.7.2 pandocfilters-1.5.1 parso-0.8.7 pexpect-4.9.0 prompt_toolkit-3.0.53 psutil-7.2.2 ptyprocess-0.7.0 pure-eval-0.2.3 pyzmq-27.1.0 referencing-0.37.0 rpds-py-2026.6.3 stack_data-0.6.3 tinycss2-1.5.1 tornado-6.5.8 traitlets-5.16.1 wcwidth-0.8.2 webencodings-0.6.1
[NbConvertApp] Converting notebook notebooks/gwp2_vix_regime_allocation.ipynb to notebook
/opt/hostedtoolcache/Python/3.11.15/x64/lib/python3.11/site-packages/nbformat/validator.py:434: MissingIDFieldWarning: Cell is missing an id field, this will become a hard error in future nbformat versions. You may want to use `normalize()` on your notebooks before validations (available since nbformat 5.1.4). Previous versions of nbformat are fixing this issue transparently, and will stop doing so in the future.
  _validate(nbdict, ref, version, version_minor, relax_add_props)
[IPKernelApp] WARNING | Kernel is running over TCP without encryption. All communication (including code and outputs) is sent in plain text and is susceptible to eavesdropping. Use IPC transport or launch with kernel manager-provisioned CurveZMQ keys to enable transport encryption.
[NbConvertApp] Writing 352993 bytes to notebooks/gwp2_vix_regime_allocation.ipynb

INSTALL1=0 INSTALL2=0 INSTALL3=0 NOTEBOOK=0
