[NbConvertApp] Converting notebook notebooks/gwp2_vix_regime_allocation.ipynb to notebook
[IPKernelApp] WARNING | Kernel is running over TCP without encryption. All communication (including code and outputs) is sent in plain text and is susceptible to eavesdropping. Use IPC transport or launch with kernel manager-provisioned CurveZMQ keys to enable transport encryption.
Traceback (most recent call last):
  File "/opt/hostedtoolcache/Python/3.11.15/x64/bin/jupyter-nbconvert", line 6, in <module>
    sys.exit(main())
             ^^^^^^
  File "/opt/hostedtoolcache/Python/3.11.15/x64/lib/python3.11/site-packages/jupyter_core/application.py", line 284, in launch_instance
    super().launch_instance(argv=argv, **kwargs)
  File "/opt/hostedtoolcache/Python/3.11.15/x64/lib/python3.11/site-packages/traitlets/config/application.py", line 1080, in launch_instance
    app.start()
  File "/opt/hostedtoolcache/Python/3.11.15/x64/lib/python3.11/site-packages/nbconvert/nbconvertapp.py", line 420, in start
    self.convert_notebooks()
  File "/opt/hostedtoolcache/Python/3.11.15/x64/lib/python3.11/site-packages/nbconvert/nbconvertapp.py", line 597, in convert_notebooks
    self.convert_single_notebook(notebook_filename)
  File "/opt/hostedtoolcache/Python/3.11.15/x64/lib/python3.11/site-packages/nbconvert/nbconvertapp.py", line 563, in convert_single_notebook
    output, resources = self.export_single_notebook(
                        ^^^^^^^^^^^^^^^^^^^^^^^^^^^^
  File "/opt/hostedtoolcache/Python/3.11.15/x64/lib/python3.11/site-packages/nbconvert/nbconvertapp.py", line 487, in export_single_notebook
    output, resources = self.exporter.from_filename(
                        ^^^^^^^^^^^^^^^^^^^^^^^^^^^^
  File "/opt/hostedtoolcache/Python/3.11.15/x64/lib/python3.11/site-packages/nbconvert/exporters/exporter.py", line 201, in from_filename
    return self.from_file(f, resources=resources, **kw)
           ^^^^^^^^^^^^^^^^^^^^^^^^^^^^^^^^^^^^^^^^^^^^
  File "/opt/hostedtoolcache/Python/3.11.15/x64/lib/python3.11/site-packages/nbconvert/exporters/exporter.py", line 220, in from_file
    return self.from_notebook_node(
           ^^^^^^^^^^^^^^^^^^^^^^^^
  File "/opt/hostedtoolcache/Python/3.11.15/x64/lib/python3.11/site-packages/nbconvert/exporters/notebook.py", line 36, in from_notebook_node
    nb_copy, resources = super().from_notebook_node(nb, resources, **kw)
                         ^^^^^^^^^^^^^^^^^^^^^^^^^^^^^^^^^^^^^^^^^^^^^^^
  File "/opt/hostedtoolcache/Python/3.11.15/x64/lib/python3.11/site-packages/nbconvert/exporters/exporter.py", line 154, in from_notebook_node
    nb_copy, resources = self._preprocess(nb_copy, resources)
                         ^^^^^^^^^^^^^^^^^^^^^^^^^^^^^^^^^^^^
  File "/opt/hostedtoolcache/Python/3.11.15/x64/lib/python3.11/site-packages/nbconvert/exporters/exporter.py", line 353, in _preprocess
    nbc, resc = preprocessor(nbc, resc)
                ^^^^^^^^^^^^^^^^^^^^^^^
  File "/opt/hostedtoolcache/Python/3.11.15/x64/lib/python3.11/site-packages/nbconvert/preprocessors/base.py", line 48, in __call__
    return self.preprocess(nb, resources)
           ^^^^^^^^^^^^^^^^^^^^^^^^^^^^^^
  File "/opt/hostedtoolcache/Python/3.11.15/x64/lib/python3.11/site-packages/nbconvert/preprocessors/execute.py", line 103, in preprocess
    self.preprocess_cell(cell, resources, index)
  File "/opt/hostedtoolcache/Python/3.11.15/x64/lib/python3.11/site-packages/nbconvert/preprocessors/execute.py", line 124, in preprocess_cell
    cell = self.execute_cell(cell, index, store_history=True)
           ^^^^^^^^^^^^^^^^^^^^^^^^^^^^^^^^^^^^^^^^^^^^^^^^^^
  File "/opt/hostedtoolcache/Python/3.11.15/x64/lib/python3.11/site-packages/jupyter_core/utils/__init__.py", line 165, in wrapped
    return loop.run_until_complete(inner)
           ^^^^^^^^^^^^^^^^^^^^^^^^^^^^^^
  File "/opt/hostedtoolcache/Python/3.11.15/x64/lib/python3.11/asyncio/base_events.py", line 654, in run_until_complete
    return future.result()
           ^^^^^^^^^^^^^^^
  File "/opt/hostedtoolcache/Python/3.11.15/x64/lib/python3.11/site-packages/nbclient/client.py", line 1062, in async_execute_cell
    await self._check_raise_for_error(cell, cell_index, exec_reply)
  File "/opt/hostedtoolcache/Python/3.11.15/x64/lib/python3.11/site-packages/nbclient/client.py", line 918, in _check_raise_for_error
    raise CellExecutionError.from_cell_and_msg(cell, exec_reply_content)
nbclient.exceptions.CellExecutionError: An error occurred while executing the following cell:
------------------
def _parse_bibtex_registry(text: str) -> dict[str, dict[str, str]]:
    entries: dict[str, dict[str, str]] = {}
    for match in re.finditer(r"@(\w+)\{([^,]+),\s*(.*?)\n\}", text, flags=re.DOTALL):
        entry_type, key, body = match.groups()
        fields = {
            field: value
            for field, value in re.findall(r'(\w+)\s*=\s*"([^"]*)"', body)
        }
        fields["entry_type"] = entry_type.lower()
        entries[key] = fields
    return entries


def _mla_author(author: str) -> str:
    authors = author.split(" and ")
    return authors[0] + (", et al." if len(authors) > 2 else "")


def _mla_entry(entry: dict[str, str]) -> str:
    author = _mla_author(entry["author"])
    if entry["entry_type"] == "article":
        pages = entry["pages"].replace("--", "-")
        return (
            f'{author} "{entry["title"]}." *{entry["journal"]}*, '
            f'vol. {entry["volume"]}, no. {entry["number"]}, {entry["year"]}, '
            f'pp. {pages}. doi:{entry["doi"]}.'
        )
    return (
        f'{author}. "{entry["title"]}." *{entry["publisher"]}*, '
        f'{entry["year"]}, {entry["url"]}. Accessed 19 Aug. 2026.'
    )


references = _parse_bibtex_registry(references_path.read_text(encoding="utf-8"))
cited_keys = ["whaley2009vix", "cboe2019vixfaq", "baum1970maximization"]
missing_keys = [key for key in cited_keys if key not in references]
assert not missing_keys, f"Unresolved citation keys: {missing_keys}"
display(Markdown("
".join(f"- {_mla_entry(references[key])}" for key in cited_keys)))
------------------


  [36mCell[39m[36m [39m[32mIn[8][39m[32m, line 38[39m
[31m    [39m[31mdisplay(Markdown("[39m
                     ^
[31mSyntaxError[39m[31m:[39m unterminated string literal (detected at line 38)


